2026-08-09 准确层修复闭环（用户睡眠期间自主执行）+ Q3 铺路

- 02:00 Phase 0 审查 A0-A6 全部完成（错误vs结论三关清算 16 条：
  6 错误记录/1 对照缺陷/2 可疑/7 真结论；E1 对照纯度缺陷新发现）
- 03:30 B1 类选 v3（step1.8）：42 序列 CV-部署错位 90.5%；部署口径树类统治
  （lgbm 15/29）；MAPE 改进中位 15.4%、carbon 最大 128%
- 04:00 B2 融合审查：tabpfn 冻结段前 5 名 17/24、退化 0.0x 倍、去之等权融合
  +3.13% 变差 → 保留（修正"拖累"错误叙述）
- 04:30 B5 E1 v2（step1.9）：统一价格感知框架 → 套利 4.75pp/预留 0.20pp/
  gap<5pp → 预测价值≈0 升级为可靠结论
- 05:30 B6 五方法判别（step2.4）：NSGA-II/III-lite/MOEA-D/ALNS/拉格朗日对偶；
  效率优化（set_index×46k/轮 bug → 60 倍；区域级快速跳过；12→8 核）；
  裁决（step2.4+）：成本端点五方法收敛=构造解（多方法交叉验证），
  NSGA-II 保留（2D HV 最优）；4D-HV 稀疏弃用（数学本质）
- 06:30 C1 共识-争议：必迁 757（容量强制 58%）vs 套利迁移 25831（97%）——
  帕累托多样性结构来源分离
- 07:30 C4 Q3 铺路（step3.0）：LP 三版口径迭代定稿（附件1 平衡+弃电下界）；
  负成本=弃电充电-外送合法套利破案；HiGHS 0.1s/区域（M4 预算极宽松）；
  发现窗口终态效应研究点；pulp 无 CBC → scipy HiGHS
- 08:00 反思文档辩证吸收（ε-约束独立确认/否决清单有用；NSGA-II 表述需 B6 修正）；
  sum_5 落盘；测试 85 passed；INDEX/migration_prompt 更新；
  commit dc9aad1 + push（8 核并行，用户指定）
