2026-08-09 Q3 M4 全量执行完成（DR 状态机发现 → 模型修正 → 前沿/判别/MPC/Sobol 全链）+ 三关清算定案

- 09:00-10:30 三关清算（用户驱动）："爬坡恶化 +80.8%"审查 → 三个候选归因
  （数据异常/建模失误/模型局限）→ 数据检查发现 DR 状态机分层
  （D 区 DR=Medium⟺Peak、充放互斥、时段模板、从不顶格）→ I7/T4/T5/T7
  四个被搁置线索重审 → "爬坡恶化=建模失误产物"定案
- 10:30-11:30 轨A：step3.3_q3_dr_reverse.py E-DR1 全谱逆向（M5 模板性检验
  D=1.000/A-F 0.89-0.96；充放时段六区同构；SOC 全深度日循环模板化；
  区域异构 A 区 Medium 76%）→ q3_dr_reverse.json + 热力图
- 11:30-13:00 轨B：step3.3+_q3_model_evolve.py M0/M1/M2 演进
  （M1=时段状态机约束；三对照分解；M2=功率模板；E2a 最优面内 min ramp=258.1
  结构性；E2b 分布三档；充电来源归因 Pc_grid=0 六区）→ 真实储能价值
  东区 −1.2%/D −11.4%/E/F 负成本加深；M0 自由度红利 ~90% 量化
- 13:00-14:00 前沿：step3.3++_q3_pareto.py E1 共线（corr 0.91-1.00）/
  E3 双方法裁决（A/D 收敛<0.1%，E 凹区）/ E6 权衡面坍缩（跨度 ≤0.14%）
- 14:00-15:00 判别实验群：step3.4_q3_ablation.py E4 弃电优先（W×0.5 购电激活）/
  E5 SellLimit 100% 饱和+SOC Cap 67% / E7 外送价值 D 1.43 亿+E 1.54 亿 /
  E8 扩容 A 906/D 1,142 vs E/F ~10 万 / E9 充电上限非瓶颈
- 15:00-15:30 规则：step3.4+_q3_storage_rules.py CART（精度 0.968/0.979、
  T8 复现、规则化代价 D 5.76%/A 1.52%）
- 15:30-16:30 MPC：step3.5_q3_mpc.py 确定性等价滚动+open-loop 对照+
  D 区联合场景演示（status=0）；反馈价值≈0（诚实）；窗口效应 F 22.1% 新发现
- 16:30-18:00 Sobol：step3.6_q3_sobol.py 自实现 Saltelli——V2 验证门捕获
  两个真 bug（Sobol 前后半相关 0.51、独立 seed 同维相关 −0.7）→ LHS 修复
  （误差 0.76% 过门）；归因 cost 主导 sell_scale/price_scale、碳排波动主导 Cap；
  退化指标如实标记（A 区 peak、max_ramp→p95）
- 18:00-19:00 收尾：tests/test_q3.py 16 守卫（169 passed 全绿）；
  sum_10/CONSTITUTION（DR 状态机/I14 候选/M1 口径/量化锚点）/INDEX/
  spec_M4_Q3 同步
- 纪律：三关全程；#41/43 全量重跑验收；#42 seed；管道截断教训
  （Select-Object 提前终止→产物未落盘，重跑修复）
- 待办：step4 Q4（双层 NSGA-II×LP，solve_region_timed 为下层组件）
- 测试状态: 169 passed

--- 追加（深化证伪与交叉实验 step3.7 系列）---
- 19:00-20:00 交叉实验矩阵 X0-X14（step3.7）：斜坡 120（D 免费/E-F 3.6-10.5%）；
  规则逐时损失 2.93/0.78%（聚合高估减半）；结算段禁充/终态严格免费；
  弃电优先≈0；午间充电无红利（Cap 锁死）；主时段指标东区 385→195（边界污染）
- 20:00-21:00 M0x 互斥 MILP（step3.7+）：scipy.optimize.milp 二进制 z_t——
  **传送带假象实锤**（M0 同时充放 91-97%，吞吐 6 倍物理上限）；
  M0x 物理上界 222 万（D）vs M1 7,561 万——时段状态机严重次优（红利 4,000-7,300 万/区）
- 21:00-21:30 X15/X16（step3.7++）：σ 区分度实证（期望成本 +0.8%，波动成本）；
  Sobol sell 范围对称化后仍主导（0.78）——稳健
- 21:30-22:00 收尾：守卫 +3（172 全绿）；sum_10 §10/CONSTITUTION（互斥/指标口径）/
  INDEX 同步
- 教训：#41/43 全量重跑验收贯穿；管道截断教训（产物落盘确认）；MILP bounds
  用 np.inf（None→HiGHS model error）；MILP 600s time_limit 近似最优（声明）
- 测试状态: 172 passed
