2026-08-09 Q3 发现回灌定稿（M3_final 主口径）+ 严谨性补强 + 全链重跑

- 22:30-23:00 发现×应用盘点（用户驱动）：8 项发现 7 项未回灌主流程 →
  回灌计划（求解器统一/solve_m3/主时段指标/斜坡修正）
- 23:00-23:20 P1 模型回灌：
  - step3.0 solve_region Closure 口径对齐 + deprecated 标注
  - solve_m3 主模型（M1+结算段禁充+终态严格+生成器量级斜坡）+
    main_period_indicators（主时段 0-2399）
  - 验证：M3 与 M1 成本差 ≤0.1%（+0~8 万）；主时段 ramp A 195/D 189
- 23:20-23:40 P2 严谨性补强：
  - **斜坡假象修正**：120 统一值对 E/F 过紧（E/F 生成器斜坡 145-167）→
    各区生成器量级斜坡全免费（+0.0-0.1 万）；斜坡 60 昂贵（D +1,354 万）
  - **M0x gap 验证**：gap=0.001 重跑 = 222.2264 万与 gap=0.01 逐位相同
    → 数值可信；解结构实证（SOC 90↔900、411 循环/100 天、1,601 次切换）
    ——"浅循环"推断升级【实证】
- 23:40-24:10 P3 全链重跑（M3_final + 主时段指标 + M0x 上界列）：
  step3.2（m3_final 段）/step3.3+（M3/M0x 列）/step3.4（判别实验
  数值微调方向不变）/step3.4+（规则逐时版 D 2.93%/A 0.78%）/step3.5
  （σ 修正 caliber）/step3.6（Sobol M3_final 黑盒重跑，主导不变，
  S1>1 unreliable 标记）
- 24:10-24:30 P4 守卫：+3（M3_final 主口径/规则逐时/sobol unreliable）
  → 175 passed 全绿
- 24:30-25:00 P5 文档：sum_10 §11 定稿/CONSTITUTION（M3_final 条目）/
  INDEX/latest_11.log/README/PLAN_details v2.5/migration_prompt
- 教训：斜坡假设值需与生成器实测对齐（120 假象）；管道截断教训再现
  （step3.4+ json 未落盘→重跑确认）；M0x gap 验证=数值可信度的标准动作
- 测试状态: 175 passed
