2026-08-10 Q4 定稿：正式预算 / 前沿坍缩归因 / 碳杠杆上限 / 对偶退化 / 守卫扩展

- 00:30-01:00 T0-T1 标定与改造：evaluate_policy 2.44s 标定 → 正式预算 40×30×3
  （12 worker，实测 26min）；--pop/--gen/--seed 参数化 + 逐代 HV 收敛跟踪 +
  种子方差验收；α 伴随基因固定 0.5（α=1 使 1−QOS≡0 目标游戏化，总账 +2）
- 01:00-01:30 T1 重跑两轮（第一轮 30min 超时→12 worker 26min）+ 收敛判据 v2
  （MC 噪声感知：末 5 代范围<5σ，总账 +3）；正式产物：折中 163,864.21 万、
  前沿跨度 0.14%（坍缩确认）、种子方差 0.014%
- 01:30-02:00 T2+T4 step4.3：波动 peak 双口径修复（expect 479.5/worst 540，
  原 0.0 bug）；碳杠杆三族（A shift24/B 迁移/C 联合）全败 → mig 旋钮扫描
  判别 → 杠杆上限 0.239%（NonAI 稀释结构性）；carbon_lever_floor 落盘
- 02:00-02:30 T3 step4.6 新脚本：前沿坍缩归因——判别 A（极端策略跨度 0.55%）
  + 判别 B（oracle 贪心迁移 859 任务解析增益 4,574 万 → 真实评估反噬 −3.4%，
  相位错配）→ 三证据裁决"储能结构锁定"【实证】；性能修复（O(n²)→68s）
- 02:30-03:00 T5 step4.2：解析对偶升级——验证门否决（marg_eq≈电价但差分
  斜率低 28-45%，δ 恒定排除基变换）→ 储能 LP 退化【实证】→ 数值差分为准；
  π_sell 唯一可行载体（单调 164,768→172,761）；dual_verify 入册
- 03:00-03:30 step4.4/4.5 重跑（正式前沿）：joint −0.241%、消融排序、
  单调性、规则 −0.063%/q2 如实 infeasible；GBK print 修复 ×3
- 03:30-04:00 T6 守卫：tests/test_q4_v2.py +10 项 → 195 passed 全绿；
  sum_11 落盘；本轮总账 +8（含性能陷阱 O(n²)）
- 教训：①长任务必须输出重定向+进度打印（管道缓冲吞输出）②LP 对偶在
  退化问题中不可直接投产——验证门先于一切 ③"失败"的验证门=发现入口
  （对偶验证失败→退化发现，Q3 平坦面跨题印证）
- 测试状态: 195 passed
