2026-08-10 结论证伪轮：双锚净化 / 波动截断修正 / 碳上界 / MPC 归因修正 / 三遗留闭环

- 06:00-06:40 1-1 双锚纯度修正：无储能 LP 对照（solve_m3 零储能同框架）——
  D 区储能价值 −71.5%→**−38.3%**（LP 自由度+外送红利 1.43 亿被分离）；
  生成器次优 D +209%→+42.7%；自洽验证 ✓；守卫更新
- 06:40-07:30 1-2 波动 64 原始场景修正（K-means 中心截断低估 25.6% 实证）：
  波动成本每档 +0.29%→**+1.04%/+0.76%**；infeasible_pct 量化（σ=0.3 时
  50.3%）；新发现：σ≥0.2 保守策略反超；X15（k=8 中心）复核同低估
- 07:30-07:50 1-3 c_h ±10% 扰动：−10% E/F infeasible（购电上限击穿）；
  +10% 降本 5.4%——非对称悬崖，E/F 三重边界钳制；Sobol 缺 c_h 盲区声明
- 07:50-08:40 证伪批次：A1 极端重排容量钳制（超容 2.6 倍/1553 小时）；
  A2 oracle 轨迹单调恶化（方向性错误，非过冲）；A3 E5 顶点逐位稳定；
  A4 碳构造上界 1.4%；A6 对偶退化随机 10/10 小时 57-72%
- 08:40-10:00 #17 波动 MPC 跨题闭环：真首时段耦合滚动 MPC——两个自身
  缺陷（bounds 索引错位 +53、滑动 24h 只执行首时段 +54、窗口循环约束 +55）
  修复后：确定性 sanity 5.4% ✓；波动下 MPC 劣 OL 4.7 倍（结构性保守：
  首时段耦合最坏场景钳制）；terminal value 无效；**Q3"反馈≈0"归因从
  "W 确定性"修正为"方法结构"**
- 10:00-10:30 #5 全网峰值：六区联合 LP——全网峰值 1,773 MW（62% 同时性）；
  削峰 5% 全 infeasible（=各区域购电下界之和，与区域级限额同源）；
  bounds 索引错位二次修复（+53）、终态松弛对齐（+56）
- 10:30-11:00 #18 Sobol 交互热图：S1>1 机理破案——非单调为主（A|ramp ηc、
  E|carbon sell）+ 真实交互一处（E|ramp Cap×sell 0.266）——"unreliable"
  转正为"非单调/交互证据"
- 11:00-11:30 守卫 +10（test_phase4.py）→ 215 passed 全绿；sum_12 落盘
- 教训：①对照纯度是价值数字的生命线（模板无储能混入 LP 自由度+外送
  红利 1.43 亿）②场景缩减的截断偏差必须用原始场景复核（K-means 低估
  25.6%）③LP 矩阵构建的 bounds 顺序与变量索引必须一致（两次重犯）
  ④"MPC 无价值"的归因要跨环境验证（波动下仍无价值=结构性）
- 测试状态: 215 passed
