2026-08-08 R0-R3 建模缺口闭环（队友批判 → 实证 → 修复 → 验证）

- 00:10 批判吸收：三个"必须处理"重新定义为建模缺口（消纳形式/校准段/冻结段结构），
  非局限声明；加载 math-methods/master-brain/brainstorming 三 skill
- 00:40 消纳结构实证（问题一）：U/D 逐小时跨天完全恒定（max std=0.000000）→
  生成规则 U=c_r(h)·D；D/F 完美单正弦（R²=1.0000），A/B/C 共享形状等差基准，
  E 平台+钟形；W 四去向分解（消纳+充电+弃电+外送==W）破译外送结构
- 01:10 校准段实证（问题二）：kappa_fit.json 的"真实校准"实际在 2376-2399（冻结段）
  计算（SEG_CAL=2376 vs 注释 2352）——协议违规 bug；正确口径下伪/真校准差 0.2pp，
  "漂移 6.4pp"系冻结段段间差异误读
- 01:40 冻结段实证（问题三）：需求水平 +20%（2499 vs 2089 GPU-hour），z=2.86/100
  百分位——生成器收尾结构，非 24h 噪声；SOC 实证：效率分区制
  （A/B/C 0.93/0.92；D/E/F 0.94/0.93）递推吻合（diff≤0.002），E 区数据表全程 −1.0
- 02:00 R0 落地：step1.2 校准段改为 2352-2375 + calibration_fix 记录；重跑 ε=0.05
  入选不变、E1 gap 0.0734pp 不变；测试更新（漂移断言→修正守卫）
- 02:30 R1 落地：step1.0 fit_consume_ratio 升级 c_r(h) 模板 + 正弦参数化；
  evaluate_schedule 模板口径（主时段 c(h)·D + Closure min(W,D)）；重跑锚点：
  六区命中率 1.0，NU 31.15→32.07%、弃电 795→784.7 万 MWh（向题目锚点靠拢）；
  step1.2/1.2+/1.3 全链重跑；a5 敏感性适配模板
- 03:00 R3 落地：step0.5_soc_rebuild.py（分区效率递推重建 + E 区偏移修正 +
  官方措辞引用）+ 6 项测试；CONSTITUTION/PLAN_details 效率分区制修正
- 03:30 R2 落地：step1.7_frozen_structure.py（S1 判别 z=2.86 / S2 条件覆盖率 gap
  −1.8pp / S3 滚动重估 0.917→0.944 / S4 超容率 4.86%≈ε / S5 价格机理 1.27%<2.48%）
  + 5 项测试 + fig_frozen_structure.png
- 04:00 文档闭环：sum_2 撤回漂移结论；sum_3 新写（决策记录/教训/遗留）；
  INDEX 映射更新；PLAN_details v2.2 变更记录；latest_4.log
- 测试状态：70 passed（59 旧 + 6 SOC + 5 冻结段结构），全绿
